/home/heyang-li/research/MillenniumDB/src/query/parser/grammar/gql/autogenerated/GQLParser.cc: In member function ‘bool GQLParser::compositeQueryExpressionSempred(CompositeQueryExpressionContext*, size_t)’:
/home/heyang-li/research/MillenniumDB/src/query/parser/grammar/gql/autogenerated/GQLParser.cc:46480:82: warning: unused parameter ‘_localctx’ [-Wunused-parameter]
46480 | bool GQLParser::compositeQueryExpressionSempred(CompositeQueryExpressionContext *_localctx, size_t predicateIndex) {
      |                                                 ~~~~~~~~~~~~~~~~~~~~~~~~~~~~~~~~~^~~~~~~~~
/home/heyang-li/research/MillenniumDB/src/query/parser/grammar/gql/autogenerated/GQLParser.cc: In member function ‘bool GQLParser::valueTypeSempred(ValueTypeContext*, size_t)’:
/home/heyang-li/research/MillenniumDB/src/query/parser/grammar/gql/autogenerated/GQLParser.cc:46490:52: warning: unused parameter ‘_localctx’ [-Wunused-parameter]
46490 | bool GQLParser::valueTypeSempred(ValueTypeContext *_localctx, size_t predicateIndex) {
      |                                  ~~~~~~~~~~~~~~~~~~^~~~~~~~~
/home/heyang-li/research/MillenniumDB/src/query/parser/grammar/gql/autogenerated/GQLParser.cc: In member function ‘bool GQLParser::expressionSempred(ExpressionContext*, size_t)’:
/home/heyang-li/research/MillenniumDB/src/query/parser/grammar/gql/autogenerated/GQLParser.cc:46501:54: warning: unused parameter ‘_localctx’ [-Wunused-parameter]
46501 | bool GQLParser::expressionSempred(ExpressionContext *_localctx, size_t predicateIndex) {
      |                                   ~~~~~~~~~~~~~~~~~~~^~~~~~~~~
/home/heyang-li/research/MillenniumDB/src/query/parser/grammar/gql/autogenerated/GQLParser.cc: In member function ‘bool GQLParser::expressionPredicateSempred(ExpressionPredicateContext*, size_t)’:
/home/heyang-li/research/MillenniumDB/src/query/parser/grammar/gql/autogenerated/GQLParser.cc:46513:72: warning: unused parameter ‘_localctx’ [-Wunused-parameter]
46513 | bool GQLParser::expressionPredicateSempred(ExpressionPredicateContext *_localctx, size_t predicateIndex) {
      |                                            ~~~~~~~~~~~~~~~~~~~~~~~~~~~~^~~~~~~~~
/home/heyang-li/research/MillenniumDB/src/query/parser/grammar/gql/autogenerated/GQLParser.cc: In member function ‘bool GQLParser::expressionAtomSempred(ExpressionAtomContext*, size_t)’:
/home/heyang-li/research/MillenniumDB/src/query/parser/grammar/gql/autogenerated/GQLParser.cc:46526:62: warning: unused parameter ‘_localctx’ [-Wunused-parameter]
46526 | bool GQLParser::expressionAtomSempred(ExpressionAtomContext *_localctx, size_t predicateIndex) {
      |                                       ~~~~~~~~~~~~~~~~~~~~~~~^~~~~~~~~
/home/heyang-li/research/MillenniumDB/src/query/optimizer/quad_model/plan/path_plan.cc: In member function ‘std::unique_ptr<BindingIter> MQL::PathPlan::get_check(const RPQ_DFA&, Id, Id) const’:
/home/heyang-li/research/MillenniumDB/src/query/optimizer/quad_model/plan/path_plan.cc:193:12: warning: enumeration value ‘DATA_TEST_INT’ not handled in switch [-Wswitch]
  193 |     switch (path_semantic) {
      |            ^
/home/heyang-li/research/MillenniumDB/src/query/optimizer/quad_model/plan/path_plan.cc:193:12: warning: enumeration value ‘DATA_TEST_REAL’ not handled in switch [-Wswitch]
/home/heyang-li/research/MillenniumDB/src/query/optimizer/quad_model/plan/path_plan.cc:193:12: warning: enumeration value ‘NAIVE_DATA_TEST’ not handled in switch [-Wswitch]
/home/heyang-li/research/MillenniumDB/src/query/optimizer/quad_model/plan/path_plan.cc: In member function ‘std::unique_ptr<BindingIter> MQL::PathPlan::get_enum(const RPQ_DFA&, Id, VarId) const’:
/home/heyang-li/research/MillenniumDB/src/query/optimizer/quad_model/plan/path_plan.cc:299:12: warning: enumeration value ‘DATA_TEST_INT’ not handled in switch [-Wswitch]
  299 |     switch (path_semantic) {
      |            ^
/home/heyang-li/research/MillenniumDB/src/query/optimizer/quad_model/plan/path_plan.cc:299:12: warning: enumeration value ‘DATA_TEST_REAL’ not handled in switch [-Wswitch]
/home/heyang-li/research/MillenniumDB/src/query/optimizer/quad_model/plan/path_plan.cc:299:12: warning: enumeration value ‘NAIVE_DATA_TEST’ not handled in switch [-Wswitch]
